// Jest Snapshot v1, https://goo.gl/fbAQLP

exports[`integration renders 1`] = `
<AppLayout
  navProps={
    Object {
      "cart": Cart {},
      "link": "lookup",
    }
  }
>
  <CartPageContent
    cart={Cart {}}
  />
</AppLayout>
`;
